// Jest Snapshot v1, https://goo.gl/fbAQLP

exports[`AstroButton Should render component correctly. 1`] = `
<button
  class="astroButton medium primary"
  type="button"
>
  AstroButton
</button>
`;
