// Jest Snapshot v1, https://goo.gl/fbAQLP

exports[`AstroSelect Should render component correctly. 1`] = `
<span>
  item
</span>
`;
