// Jest Snapshot v1, https://goo.gl/fbAQLP

exports[`AstroSelect Should render component correctly. 1`] = `
<div
  class="astroSelectContainer mediumContainer"
>
  <div
    class="astroSelect primary medium"
  >
    <div
      style="padding-left: 4px;"
    />
    <div
      class="icon primaryIcon mediumIcon"
    >
      <svg
        fill="currentColor"
        height="1em"
        stroke="currentColor"
        stroke-width="0"
        viewBox="0 0 512 512"
        width="1em"
        xmlns="http://www.w3.org/2000/svg"
      >
        <path
          d="M112 184l144 144 144-144"
          fill="none"
          stroke-linecap="square"
          stroke-miterlimit="10"
          stroke-width="48"
        />
      </svg>
    </div>
  </div>
</div>
`;
